// Jest Snapshot v1, https://goo.gl/fbAQLP

exports[`should execute string returning a promise 1`] = `"this is snippet without argument"`;
